// Jest Snapshot v1, https://goo.gl/fbAQLP

exports[`Should Render Header 1`] = `
<footer>
  <div
    className="mt3"
  >
    <div
      className="phantom"
    />
    <div
      className="footer"
    >
      <a
        aria-current="page"
        className="p1 mx2 white rounded text-decoration-none bg-black"
        href="/"
        onClick={[Function]}
        style={Object {}}
      >
        Welcome
      </a>
      <a
        aria-current={null}
        className="p1 mx2 white rounded text-decoration-none"
        href="/about"
        onClick={[Function]}
      >
        About
      </a>
    </div>
  </div>
</footer>
`;
