// Jest Snapshot v1, https://goo.gl/fbAQLP

exports[`<RecipeList /> Should render RecipeList recipes 1`] = `
<div>
  <ul
    className="list-reset"
  >
    <li
      className="py2 border-bottom border-bottom-dashed pointer nowrap hvrList"
      onClick={[Function]}
    >
      <div
        className="inline-block animated mr1"
        onClick={[Function]}
        role="button"
      >
        ⬜️
      </div>
      <span>
        Test recipe 1
         
      </span>
      <span>
        Dessert
      </span>
      <span
        className="ml1"
      >
        
      </span>
    </li>
    <li
      className="py2 border-bottom border-bottom-dashed pointer nowrap hvrList"
      onClick={[Function]}
    >
      <div
        className="inline-block animated mr1"
        onClick={[Function]}
        role="button"
      >
        ⬜️
      </div>
      <span>
        Test recipe 2
         
      </span>
      <span>
        Meat
      </span>
      <span
        className="ml1"
      >
        
      </span>
    </li>
  </ul>
</div>
`;

exports[`<RecipeList /> Should render RecipeList recipes and favorites 1`] = `
<div>
  <ul
    className="list-reset"
  >
    <li
      className="py2 border-bottom border-bottom-dashed pointer nowrap hvrList"
      onClick={[Function]}
    >
      <div
        className="inline-block animated mr1"
        onClick={[Function]}
        role="button"
      >
        ⬜️
      </div>
      <span>
        Test recipe 1
         
      </span>
      <span>
        Dessert
      </span>
      <span
        className="ml1"
      >
        
      </span>
    </li>
    <li
      className="py2 border-bottom border-bottom-dashed pointer nowrap hvrList"
      onClick={[Function]}
    >
      <div
        className="inline-block animated mr1"
        onClick={[Function]}
        role="button"
      >
        ⬜️
      </div>
      <span>
        Test recipe 2
         
      </span>
      <span>
        Meat
      </span>
      <span
        className="ml1"
      >
        
      </span>
    </li>
  </ul>
</div>
`;
